// Jest Snapshot v1, https://goo.gl/fbAQLP

exports[`<List /> should render correctly 1`] = `
<div
  className="list-component"
  data-testid="incidentOverviewListComponent"
>
  <div
    className="list-component__body"
  >
    <table
      cellPadding="0"
      cellSpacing="0"
      className="list-component__table"
    >
      <thead>
        <tr>
          <th
            className=""
            onClick={[Function]}
          >
            Id
          </th>
          <th
            className=""
            onClick={[Function]}
          >
            Dag
          </th>
          <th
            className=""
            onClick={[Function]}
          >
            Datum en tijd
          </th>
          <th
            className=""
            onClick={[Function]}
          >
            Stadsdeel
          </th>
          <th
            className=""
            onClick={[Function]}
          >
            Subcategorie
          </th>
          <th
            className=""
            onClick={[Function]}
          >
            Status
          </th>
          <th
            className=""
            onClick={[Function]}
          >
            Urgentie
          </th>
          <th
            className=""
            onClick={[Function]}
          >
            Adres
          </th>
        </tr>
      </thead>
      <tbody>
        <tr
          key="1668"
        >
          <td>
            <a
              className="id"
              href="/manage/incident/1668"
            >
              1668
            </a>
          </td>
          <td
            data-testid="incidentDaysOpen"
          >
            <a
              href="/manage/incident/1668"
            >
              -
            </a>
          </td>
          <td
            className="no-wrap"
          >
            <a
              href="/manage/incident/1668"
            >
              21-07-1970
               
              11:55
            </a>
          </td>
          <td>
            <a
              href="/manage/incident/1668"
            />
          </td>
          <td>
            <a
              href="/manage/incident/1668"
            >
              Wegsleep
            </a>
          </td>
          <td>
            <a
              href="/manage/incident/1668"
            />
          </td>
          <td>
            <a
              href="/manage/incident/1668"
            />
          </td>
          <td>
            <a
              href="/manage/incident/1668"
            >
              Staalstraat 3B 1011JJ Amsterdam
            </a>
          </td>
        </tr>
        <tr
          key="1667"
        >
          <td>
            <a
              className="id"
              href="/manage/incident/1667"
            >
              1667
            </a>
          </td>
          <td
            data-testid="incidentDaysOpen"
          >
            <a
              href="/manage/incident/1667"
            >
              42
            </a>
          </td>
          <td
            className="no-wrap"
          >
            <a
              href="/manage/incident/1667"
            >
              21-07-1970
               
              11:55
            </a>
          </td>
          <td>
            <a
              href="/manage/incident/1667"
            />
          </td>
          <td>
            <a
              href="/manage/incident/1667"
            >
              Dode dieren
            </a>
          </td>
          <td>
            <a
              href="/manage/incident/1667"
            />
          </td>
          <td>
            <a
              href="/manage/incident/1667"
            />
          </td>
          <td>
            <a
              href="/manage/incident/1667"
            >
              Raamgracht 45 1011KJ Amsterdam
            </a>
          </td>
        </tr>
      </tbody>
    </table>
  </div>
</div>
`;
