// Jest Snapshot v1, https://goo.gl/fbAQLP

exports[`Form component <CheckboxInput /> rendering should render checkbox correctly 1`] = `
<div>
  <div
    className="row mode_input"
  >
    <Title
      meta={
        Object {
          "isVisible": true,
          "name": "input-field-name",
        }
      }
    />
    <div
      className="col-12 antwoorden"
    >
      <div
        className="antwoord"
      >
        <input
          id="input-field-name"
          onClick={[Function]}
        />
        <label
          htmlFor="input-field-name"
        />
      </div>
    </div>
    <ErrorMessage
      getError={[MockFunction]}
      hasError={[MockFunction]}
      touched={false}
    />
  </div>
</div>
`;

exports[`Form component <CheckboxInput /> rendering should render no checkbox when not visible 1`] = `<div />`;
