// Jest Snapshot v1, https://goo.gl/fbAQLP

exports[`Form component <RadioInput /> rendering should render no radio field when not visible 1`] = `""`;

exports[`Form component <RadioInput /> rendering should render radio fields correctly 1`] = `
<RadioInputGroup__StyledHeader
  getError={[MockFunction]}
  hasError={[MockFunction]}
  meta={
    Object {
      "isVisible": true,
      "name": "input-field-name",
      "placeholder": "type here",
      "values": Object {
        "bar": "Bar",
        "foo": "Foo",
      },
    }
  }
  touched={false}
>
  <RadioGroup
    name="input-field-name"
  >
    <Label
      htmlFor="foo"
      key="foo"
      label="Foo"
      noActiveState={false}
    >
      <ForwardRef
        checked={true}
        id="foo"
        onChange={[Function]}
      />
    </Label>
    <Label
      htmlFor="bar"
      key="bar"
      label="Bar"
      noActiveState={false}
    >
      <ForwardRef
        checked={false}
        id="bar"
        onChange={[Function]}
      />
    </Label>
  </RadioGroup>
</RadioInputGroup__StyledHeader>
`;

exports[`Form component <RadioInput /> rendering should render zero radio fields when values are not supplied 1`] = `
<RadioInputGroup__StyledHeader
  getError={[MockFunction]}
  hasError={[MockFunction]}
  meta={
    Object {
      "isVisible": true,
      "name": "input-field-name",
      "placeholder": "type here",
      "values": undefined,
    }
  }
  touched={false}
/>
`;
