// Jest Snapshot v1, https://goo.gl/fbAQLP

exports[`<CopyFileInput /> should render correctly 1`] = `
<div
  className="copy-file-input"
>
  <div
    className="mode_input text rij_verplicht"
  >
    <styled.label
      htmlFor="formname"
    >
      display
    </styled.label>
    <div
      className="copy-file-input__attachment"
      key="item0"
      style={
        Object {
          "backgroundImage": "url(item0)",
        }
      }
    />
    <div
      className="copy-file-input__attachment"
      key="item1"
      style={
        Object {
          "backgroundImage": "url(item1)",
        }
      }
    />
    <div
      className="copy-file-input__attachment"
      key="item2"
      style={
        Object {
          "backgroundImage": "url(item2)",
        }
      }
    />
    <div
      className="copy-file-input__control invoer antwoord"
    >
      <input
        data-testid="name"
        id="formname"
        name="name"
        type="checkbox"
      />
      <label
        htmlFor="formname"
      >
        Foto's toevoegen
      </label>
    </div>
  </div>
</div>
`;
