// Jest Snapshot v1, https://goo.gl/fbAQLP

exports[`<Footer /> should render correctly 1`] = `
<div
  className="footer no-print"
>
  <Footer__Disclaimer>
    <Row
      debug={false}
      debugColor="rgba(51,102,153,0.75)"
      hasMargin={true}
    >
      <Column
        debug={false}
        debugColor="rgba(51,102,153,0.5)"
        order={0}
        push={0}
        span={12}
        wrap={false}
      >
        <Heading
          as="h2"
        >
          Lukt het niet om een melding te doen?
        </Heading>
        <Paragraph>
           
        </Paragraph>
      </Column>
      <Column
        debug={false}
        debugColor="rgba(51,102,153,0.5)"
        order={0}
        push={0}
        span={12}
        wrap={false}
      >
        <Paragraph>
          Bel het Gemeentelijk informatienummer: 14 020 
          <br />
          op werkdagen van 08.00 tot 18.00 uur.
        </Paragraph>
      </Column>
    </Row>
  </Footer__Disclaimer>
  <Footer__Privacy>
    <Row
      debug={false}
      debugColor="rgba(51,102,153,0.75)"
      hasMargin={true}
    >
      <Column
        debug={false}
        debugColor="rgba(51,102,153,0.5)"
        order={0}
        push={0}
        span={12}
        wrap={false}
      >
        <Link
          href="https://www.amsterdam.nl/privacy/"
        >
          Privacy
        </Link>
      </Column>
    </Row>
  </Footer__Privacy>
</div>
`;
