// Jest Snapshot v1, https://goo.gl/fbAQLP

exports[`<TextInput /> should render correctly 1`] = `
<div>
  <div
    className="mode_input text rij_verplicht"
  >
    <div
      className="label"
    >
      <label
        htmlFor="formname"
      >
        display
      </label>
    </div>
    <div
      className="invoer"
    >
      <input
        className="input"
        id="formname"
        name=""
        placeholder="placeholder"
        type="text"
        value=""
      />
    </div>
  </div>
</div>
`;
