// Jest Snapshot v1, https://goo.gl/fbAQLP

exports[`<DashboardContainer /> rendering should lazy load correctly 1`] = `
<div
  className="dashboard"
>
  <LoadingIndicator />
</div>
`;

exports[`<DashboardContainer /> rendering should lazy load correctly 2`] = `
<div
  className="dashboard"
>
  <LoadingIndicator />
</div>
`;
