// Jest Snapshot v1, https://goo.gl/fbAQLP

exports[`<ExtraProperties /> should render correctly 1`] = `
<dl
  className="extra-properties"
>
  <dl
    key="extra_straatverlichting"
  >
    <dt
      className="detail__definition"
    >
      Gaat uw melding over één of over meer lampen?
    </dt>
    <dd
      className="detail__value"
    >
      Meer lampen
    </dd>
  </dl>
  <dl
    key="extra_straatverlichting_wat"
  >
    <dt
      className="detail__definition"
    >
      Wat is er aan de hand met de lamp(en)?
    </dt>
    <dd
      className="detail__value"
    >
      Brandt niet, Brandt overdag
    </dd>
  </dl>
  <dl
    key="extra_straatverlichting_nummer"
  >
    <dt
      className="detail__definition"
    >
      Hebt u een nummer van (één van) de lamp(en)?
    </dt>
    <dd
      className="detail__value"
    >
      42
    </dd>
  </dl>
  <dl
    key="extra_bedrijven_vaker"
  >
    <dt
      className="detail__definition"
    >
      Gebeurt het vaker?
    </dt>
    <dd
      className="detail__value"
    >
      Nee
    </dd>
  </dl>
  <dl
    key="extra_bedrijven_gezien"
  >
    <dt
      className="detail__definition"
    >
      Heeft u het gezien?
    </dt>
    <dd
      className="detail__value"
    >
      Ja, het gebeurt vaker
    </dd>
  </dl>
  <dl
    key="lampen"
  >
    <dt
      className="detail__definition"
    >
      Welke lampen?
    </dt>
    <dd
      className="detail__value"
    >
      126543, 87654
    </dd>
  </dl>
</dl>
`;

exports[`<ExtraProperties /> should render correctly without items 1`] = `
<dl
  className="extra-properties"
/>
`;
