// Jest Snapshot v1, https://goo.gl/fbAQLP

exports[`<LoginPage /> should render correctly 1`] = `
<Row
  debug={false}
  debugColor="rgba(51,102,153,0.75)"
  hasMargin={true}
>
  <Column
    debug={false}
    debugColor="rgba(51,102,153,0.5)"
    order={0}
    push={0}
    span={12}
    wrap={false}
  >
    <div
      className="notification notification-red margin-top-bottom"
    >
      <p>
        Om deze pagina te zien dient u ingelogd te zijn.
      </p>
      <button
        className="action primary"
        onClick={[Function]}
        type="button"
      >
        <span
          className="value"
        >
          Inloggen
        </span>
      </button>
      <button
        className="action primary"
        onClick={[Function]}
        type="button"
      >
        <span
          className="value"
        >
          Inloggen ADW
        </span>
      </button>
    </div>
  </Column>
</Row>
`;
