// Jest Snapshot v1, https://goo.gl/fbAQLP

exports[`<IncidentStatusContainer /> should render correctly 1`] = `
<div>
  <div
    className="incident-status-container row"
  >
    <div
      className="col-12"
    >
      <Add
        error={false}
        id="1"
        incidentStatusList={
          Array [
            Object {
              "state": "m",
            },
          ]
        }
        loading={false}
        loadingExternal={false}
        onRequestStatusCreate={[MockFunction]}
      />
    </div>
    <div
      className="col-12"
    >
      <List
        incidentStatusList={
          Array [
            Object {
              "state": "m",
            },
          ]
        }
        statusList={Array []}
      />
    </div>
  </div>
</div>
`;
