// Jest Snapshot v1, https://goo.gl/fbAQLP

exports[`<StatusChart /> should render correctly 1`] = `
<div
  class="status-chart"
>
  <h3>
    Per status
  </h3>
  <div
    class="recharts-wrapper"
    style="position:relative;cursor:default;width:400px;height:460px"
  >
    <svg
      class="recharts-surface"
      height="460"
      version="1.1"
      viewBox="0 0 400 460"
      width="400"
    >
      <clipPath
        id="recharts1-clip"
      >
        <rect
          height="450"
          width="390"
          x="5"
          y="5"
        />
      </clipPath>
      <g
        class="recharts-layer recharts-pie"
      >
        <g
          clip-path="url(#recharts-pie-2)"
        >
          <g
            class="recharts-layer recharts-pie-sector"
          >
            <path
              class="recharts-sector"
              color="#23B0C3"
              d="M 200,60
    A 170,170,0,
    1,1,
    127.6175204339377,383.82059891922336
  L 185.09772479522246,261.6689468363107
            A 35,35,0,
            1,0,
            200,195 Z"
              fill="red"
              stroke="#fff"
            />
          </g>
          <g
            class="recharts-layer recharts-pie-sector"
          >
            <path
              class="recharts-sector"
              color="#E8663F"
              d="M 127.6175204339377,383.82059891922336
    A 170,170,0,
    0,1,
    69.0127487281159,338.36207825727735
  L 173.0320365028474,252.30983964120415
            A 35,35,0,
            0,0,
            185.09772479522246,261.6689468363107 Z"
              stroke="#fff"
            />
          </g>
          <g
            class="recharts-layer recharts-pie-sector"
          >
            <path
              class="recharts-sector"
              color="#FE952F"
              d="M 69.0127487281159,338.36207825727735
    A 170,170,0,
    0,1,
    56.46425266465738,138.90944485357068
  L 170.44852260742945,211.24606217573515
            A 35,35,0,
            0,0,
            173.0320365028474,252.30983964120415 Z"
              fill="blue"
              stroke="#fff"
            />
          </g>
          <g
            class="recharts-layer recharts-pie-sector"
          >
            <path
              class="recharts-sector"
              color="#96C14F"
              d="M 56.46425266465738,138.90944485357068
    A 170,170,0,
    0,1,
    69.01274872811578,121.63792174272282
  L 173.03203650284738,207.69016035879588
            A 35,35,0,
            0,0,
            170.44852260742945,211.24606217573515 Z"
              fill="darkgrey"
              stroke="#fff"
            />
          </g>
          <g
            class="recharts-layer recharts-pie-sector"
          >
            <path
              class="recharts-sector"
              color="#9B4474"
              d="M 69.01274872811578,121.63792174272282
    A 170,170,0,
    0,1,
    189.3256116800166,60.335456167193826
  L 197.802331816474,195.0690645050105
            A 35,35,0,
            0,0,
            173.03203650284738,207.69016035879588 Z"
              fill="lightgreen"
              stroke="#fff"
            />
          </g>
          <g
            class="recharts-layer recharts-pie-sector"
          >
            <path
              class="recharts-sector"
              color="#E8663F"
              d="M 189.3256116800166,60.335456167193826
    A 170,170,0,
    0,1,
    199.99999999999997,60
  L 200,195
            A 35,35,0,
            0,0,
            197.802331816474,195.0690645050105 Z"
              fill="grey"
              stroke="#fff"
            />
          </g>
        </g>
        <g
          class="recharts-layer recharts-pie-labels"
        >
          <g
            class="recharts-layer"
          >
            <text
              class="status-label"
              dominant-baseline="central"
              fill="white"
              text-anchor="middle"
              x="300.03146809872163"
              y="252.3596822431456"
            >
              57%
            </text>
          </g>
          <g
            class="recharts-layer"
          >
            <text
              class="status-label"
              dominant-baseline="central"
              fill="white"
              text-anchor="middle"
              x="137.17702700056992"
              y="310.9908887685083"
            >
              7%
            </text>
          </g>
          <g
            class="recharts-layer"
          >
            <text
              class="status-label"
              dominant-baseline="central"
              fill="white"
              text-anchor="middle"
              x="97.70226033610217"
              y="236.4360282517547"
            >
              20%
            </text>
          </g>
          <g
            class="recharts-layer"
          >
            <text
              class="status-label"
              dominant-baseline="central"
              fill="white"
              text-anchor="middle"
              x="117.07575807656785"
              y="169.75201164002155"
            >
              2%
            </text>
          </g>
          <g
            class="recharts-layer"
          >
            <text
              class="status-label"
              dominant-baseline="central"
              fill="white"
              text-anchor="middle"
              x="153.46597377669644"
              y="138.6718312706923"
            >
              13%
            </text>
          </g>
          <g
            class="recharts-layer"
          >
            <text
              class="status-label"
              dominant-baseline="central"
              fill="white"
              text-anchor="middle"
              x="196.78039719449185"
              y="127.55057756251252"
            >
              1%
            </text>
          </g>
        </g>
      </g>
    </svg>
    <div
      class="recharts-legend-wrapper"
      style="position:absolute;width:390px;height:auto;left:5px;bottom:5px"
    >
      <ul
        class="recharts-default-legend"
        style="padding:0;margin:0;text-align:center"
      >
        <li
          class="recharts-legend-item legend-item-0"
          style="display:inline-block;margin-right:10px"
        >
          <svg
            class="recharts-surface"
            height="14"
            style="display:inline-block;vertical-align:middle;margin-right:4px"
            version="1.1"
            viewBox="0 0 32 32"
            width="14"
          >
            <path
              class="recharts-symbols"
              d="M16,0A16,16,0,1,1,-16,0A16,16,0,1,1,16,0"
              fill="red"
              transform="translate(16, 16)"
            />
          </svg>
          <span
            class="recharts-legend-item-text"
          >
            Gemeld
          </span>
        </li>
        <li
          class="recharts-legend-item legend-item-1"
          style="display:inline-block;margin-right:10px"
        >
          <svg
            class="recharts-surface"
            height="14"
            style="display:inline-block;vertical-align:middle;margin-right:4px"
            version="1.1"
            viewBox="0 0 32 32"
            width="14"
          >
            <path
              class="recharts-symbols"
              d="M16,0A16,16,0,1,1,-16,0A16,16,0,1,1,16,0"
              transform="translate(16, 16)"
            />
          </svg>
          <span
            class="recharts-legend-item-text"
          >
            In afhandeling van behandeling
          </span>
        </li>
        <li
          class="recharts-legend-item legend-item-2"
          style="display:inline-block;margin-right:10px"
        >
          <svg
            class="recharts-surface"
            height="14"
            style="display:inline-block;vertical-align:middle;margin-right:4px"
            version="1.1"
            viewBox="0 0 32 32"
            width="14"
          >
            <path
              class="recharts-symbols"
              d="M16,0A16,16,0,1,1,-16,0A16,16,0,1,1,16,0"
              fill="blue"
              transform="translate(16, 16)"
            />
          </svg>
          <span
            class="recharts-legend-item-text"
          >
            In behandeling
          </span>
        </li>
        <li
          class="recharts-legend-item legend-item-3"
          style="display:inline-block;margin-right:10px"
        >
          <svg
            class="recharts-surface"
            height="14"
            style="display:inline-block;vertical-align:middle;margin-right:4px"
            version="1.1"
            viewBox="0 0 32 32"
            width="14"
          >
            <path
              class="recharts-symbols"
              d="M16,0A16,16,0,1,1,-16,0A16,16,0,1,1,16,0"
              fill="darkgrey"
              transform="translate(16, 16)"
            />
          </svg>
          <span
            class="recharts-legend-item-text"
          >
            Geannuleerd
          </span>
        </li>
        <li
          class="recharts-legend-item legend-item-4"
          style="display:inline-block;margin-right:10px"
        >
          <svg
            class="recharts-surface"
            height="14"
            style="display:inline-block;vertical-align:middle;margin-right:4px"
            version="1.1"
            viewBox="0 0 32 32"
            width="14"
          >
            <path
              class="recharts-symbols"
              d="M16,0A16,16,0,1,1,-16,0A16,16,0,1,1,16,0"
              fill="lightgreen"
              transform="translate(16, 16)"
            />
          </svg>
          <span
            class="recharts-legend-item-text"
          >
            Afgehandeld
          </span>
        </li>
        <li
          class="recharts-legend-item legend-item-5"
          style="display:inline-block;margin-right:10px"
        >
          <svg
            class="recharts-surface"
            height="14"
            style="display:inline-block;vertical-align:middle;margin-right:4px"
            version="1.1"
            viewBox="0 0 32 32"
            width="14"
          >
            <path
              class="recharts-symbols"
              d="M16,0A16,16,0,1,1,-16,0A16,16,0,1,1,16,0"
              fill="grey"
              transform="translate(16, 16)"
            />
          </svg>
          <span
            class="recharts-legend-item-text"
          >
            On hold
          </span>
        </li>
      </ul>
    </div>
    <div
      class="recharts-tooltip-wrapper"
      style="pointer-events:none;visibility:hidden;position:absolute;top:0;transform:translate(undefinedpx, undefinedpx);-webkit-transform:translate(undefinedpx, undefinedpx);-moz-transform:translate(undefinedpx, undefinedpx);-o-transform:translate(undefinedpx, undefinedpx);-ms-transform:translate(undefinedpx, undefinedpx)"
    >
      <div
        class="recharts-default-tooltip"
        style="margin:0;padding:10px;background-color:#fff;border:1px solid #ccc;white-space:nowrap"
      >
        <p
          class="recharts-tooltip-label"
          style="margin:0"
        />
      </div>
    </div>
  </div>
</div>
`;
