// Jest Snapshot v1, https://goo.gl/fbAQLP

exports[`<Tabs /> should render correctly 1`] = `
<div
  className="incident-detail-tabs"
>
  <ul
    className="tabs"
  >
    <li
      className="selected"
      key="key-tab1"
      onClick={[Function]}
      role="presentation"
    >
      <a
        className="tab"
      >
        tab1
         
      </a>
    </li>
    <li
      className=""
      key="key-tab2"
      onClick={[Function]}
      role="presentation"
    >
      <a
        className="tab"
      >
        tab2
         
        <span
          className="pill"
        >
          2
        </span>
      </a>
    </li>
  </ul>
</div>
`;
