// Jest Snapshot v1, https://goo.gl/fbAQLP

exports[`The sharedConfig service gives you the configuration based on global environment 1`] = `
Object {
  "API_ROOT": "https://acc.api.data.amsterdam.nl/",
  "ROOT": "https://acc.data.amsterdam.nl/",
}
`;

exports[`The sharedConfig service gives you the configuration based on global environment 2`] = `
Object {
  "API_ROOT": "https://acc.api.data.amsterdam.nl/",
  "ROOT": "https://acc.data.amsterdam.nl/",
}
`;

exports[`The sharedConfig service gives you the configuration based on global environment 3`] = `
Object {
  "API_ROOT": "https://acc.api.data.amsterdam.nl/",
  "ROOT": "https://acc.data.amsterdam.nl/",
}
`;
