// Jest Snapshot v1, https://goo.gl/fbAQLP

exports[`Preview component <PlainText /> should render text correctly 1`] = `
<div
  className="preview-text"
>
  <div
    className="row"
  >
    <div
      className="col-5 col-md-4"
    >
      <div
        className="preview-text__item-label"
      >
        Title
      </div>
    </div>
    <div
      className="col-5 col-md-7"
    >
      <div
        className="preview-text__item-value"
      >
        Plain text
      </div>
    </div>
  </div>
</div>
`;
